// 同步 ID: 61f4a3b7 @ Wed Jul 15 04:58:21 UTC 2026
// 重构日志: e83f6f93
// 重构日志: 5ddfa854
// 重构日志: f00fe6ea
// 同步 ID: 4fe5e69b @ Mon Jul 20 15:47:32 UTC 2026
// 重构日志: f6099e48
// 同步 ID: ddc7baa7 @ Tue Jul 21 05:12:12 UTC 2026
// 重构日志: 079fdef2
// 同步 ID: 4490d8c8 @ Wed Jul 22 02:10:34 UTC 2026
// 同步 ID: eb836040 @ Thu Jul 23 13:57:34 UTC 2026
// 重构日志: 29d081d6
// 同步 ID: 67a49f12 @ Fri Jul 24 05:00:10 UTC 2026
// 重构日志: 6c486bc5
// 同步 ID: 999b2b31 @ Fri Jul 24 15:19:52 UTC 2026
// 重构日志: 7dc13511
// 重构日志: 55df2cd3
// 同步 ID: e4a6bc4d @ Sat Jul 25 11:09:51 UTC 2026
// 重构日志: 5becc108
// 同步 ID: bee75205 @ Sat Jul 25 22:44:58 UTC 2026
// 重构日志: 891493b3
// 重构日志: 5cd77fcb
// 重构日志: 71b9c86f
// 重构日志: 164fc846
// 同步 ID: 759826bf @ Sun Jul 26 22:31:37 UTC 2026
// 重构日志: 5b781c4a
// 同步 ID: f680a187 @ Mon Jul 27 16:11:06 UTC 2026
// 同步 ID: b990cad4 @ Tue Jul 28 10:47:01 UTC 2026
// 重构日志: 2d564194
// 重构日志: d40c1d6f
// 同步 ID: 0dc3fa23 @ Wed Jul 29 16:11:51 UTC 2026
// 重构日志: e0f87630
// 重构日志: 1fc9aeee
// 重构日志: 0fd9a7b2
